Common/Logging.ned
Network/Bus/Bus.ned
Network/Bus/BusLogging.ned
Network/ControlNet/ControlNetMAC.ned
Network/ControlNet/ControlNetMACLogging.ned
Network/DeviceNet/DeviceNetMAC.ned
Network/DeviceNet/DeviceNetMACLogging.ned
Network/Ethernet/EthernetMAC.ned
Network/Ethernet/EthernetMACLogging.ned
Application/TenNodes/ControlNet/ControlNetTenNodesClient.ned
Application/TenNodes/DeviceNet/DeviceNetTenNodesClient.ned
Application/TenNodes/Ethernet/EthernetTenNodesClient.ned
Simulation/TenNodes/Devices/ControlNetTenNodesDevice.ned
Simulation/TenNodes/Devices/DeviceNetTenNodesDevice.ned
Simulation/TenNodes/Devices/EthernetTenNodesDevice.ned
Application/Priorities/ControlNet/ControlNetPrioritiesClient.ned
Application/Priorities/DeviceNet/DeviceNetPrioritiesClient.ned
Application/Priorities/Ethernet/EthernetPrioritiesClient.ned
Simulation/Priorities/Devices/ControlNetPrioritiesDevice.ned
Simulation/Priorities/Devices/DeviceNetPrioritiesDevice.ned
Simulation/Priorities/Devices/EthernetPrioritiesDevice.ned

